// Vitest Snapshot v1, https://vitest.dev/guide/snapshot.html

exports[`App > renders 'Sprinkles' 1`] = `
<div>
  <h1>
    Sprinkles
  </h1>
  <button>
    Change
  </button>
</div>
`;
